Component: ARM Compiler 5.06 update 5 (build 528) Tool: armlink [4d35e2]

==============================================================================

Section Cross References

    main.o(i.SysTick_Handler) refers to adc.o(i.ADC_Start) for ADC_Start
    main.o(i.TCPConnectionAndCommand) refers to esp8266.o(i.ESP8266_sendCommand) for ESP8266_sendCommand
    main.o(i.TCPConnectionAndCommand) refers to esp8266.o(i.ESP8266_waitResponseEnd) for ESP8266_waitResponseEnd
    main.o(i.TCPConnectionAndCommand) refers to serial.o(i.Serial_WriteData) for Serial_WriteData
    main.o(i.TCPConnectionAndCommand) refers to esp8266.o(.bss) for esp8266Response
    main.o(i.TCPConnectionAndCommand) refers to serial.o(.data) for serialTransmitData
    main.o(i.TCPConnectionAndCommand) refers to main.o(.data) for packet
    main.o(i.WiFiConnection) refers to esp8266.o(i.ESP8266_sendCommand) for ESP8266_sendCommand
    main.o(i.WiFiConnection) refers to esp8266.o(i.ESP8266_waitResponseEnd) for ESP8266_waitResponseEnd
    main.o(i.WiFiConnection) refers to serial.o(i.Serial_WriteData) for Serial_WriteData
    main.o(i.WiFiConnection) refers to esp8266.o(.bss) for esp8266Response
    main.o(i.WiFiConnection) refers to serial.o(.data) for serialTransmitData
    main.o(i.backward) refers to gpio.o(i.GPIO_PIN_Write) for GPIO_PIN_Write
    main.o(i.backward) refers to pwm.o(i.PWM_Cycle_Rate) for PWM_Cycle_Rate
    main.o(i.backward) refers to dfixui.o(.text) for __aeabi_d2uiz
    main.o(i.backward) refers to pwm.o(i.PWM_Write) for PWM_Write
    main.o(i.backward) refers to main.o(.data) for speed
    main.o(i.calc_speed) refers to dfltui.o(.text) for __aeabi_ui2d
    main.o(i.calc_speed) refers to dmul.o(.text) for __aeabi_dmul
    main.o(i.calc_speed) refers to ddiv.o(.text) for __aeabi_ddiv
    main.o(i.calc_speed) refers to dadd.o(.text) for __aeabi_dadd
    main.o(i.calc_speed) refers to adc.o(.data) for ADC_Trimpot
    main.o(i.calc_speed) refers to main.o(.data) for speed
    main.o(i.controller) refers to joystick.o(i.Joystick_Left_Pressed) for Joystick_Left_Pressed
    main.o(i.controller) refers to main.o(i.calc_speed) for calc_speed
    main.o(i.controller) refers to main.o(i.update_speed) for update_speed
    main.o(i.controller) refers to main.o(i.scenario1) for scenario1
    main.o(i.controller) refers to joystick.o(i.Joystick_Right_Pressed) for Joystick_Right_Pressed
    main.o(i.controller) refers to main.o(i.serialTest) for serialTest
    main.o(i.controller) refers to joystick.o(i.Joystick_Down_Pressed) for Joystick_Down_Pressed
    main.o(i.controller) refers to joystick.o(i.Joystick_Center_Pressed) for Joystick_Center_Pressed
    main.o(i.controller) refers to main.o(i.stop) for stop
    main.o(i.controller) refers to main.o(i.power_down_on) for power_down_on
    main.o(i.controller) refers to main.o(.data) for scenario_select
    main.o(i.forward) refers to gpio.o(i.GPIO_PIN_Write) for GPIO_PIN_Write
    main.o(i.forward) refers to pwm.o(i.PWM_Cycle_Rate) for PWM_Cycle_Rate
    main.o(i.forward) refers to dfixui.o(.text) for __aeabi_d2uiz
    main.o(i.forward) refers to pwm.o(i.PWM_Write) for PWM_Write
    main.o(i.forward) refers to main.o(.data) for speed
    main.o(i.init) refers to gpio.o(i.GPIO_DIR_Write) for GPIO_DIR_Write
    main.o(i.init) refers to led.o(i.LED1_Init) for LED1_Init
    main.o(i.init) refers to led.o(i.LED2_Init) for LED2_Init
    main.o(i.init) refers to led.o(i.LED3_Init) for LED3_Init
    main.o(i.init) refers to led.o(i.LED4_Init) for LED4_Init
    main.o(i.init) refers to led.o(i.LED1_Off) for LED1_Off
    main.o(i.init) refers to led.o(i.LED2_Off) for LED2_Off
    main.o(i.init) refers to led.o(i.LED3_Off) for LED3_Off
    main.o(i.init) refers to led.o(i.LED4_Off) for LED4_Off
    main.o(i.init) refers to systemticktimer.o(i.SysTick_Init) for SysTick_Init
    main.o(i.init) refers to pwm.o(i.PWM_Init) for PWM_Init
    main.o(i.init) refers to pll.o(i.PLL_Change_Configuration) for PLL_Change_Configuration
    main.o(i.init) refers to joystick.o(i.Joystick_Init) for Joystick_Init
    main.o(i.init) refers to ultrasonic.o(i.Ultrasonic_Trigger_Timer_Init) for Ultrasonic_Trigger_Timer_Init
    main.o(i.init) refers to ultrasonic.o(i.Ultrasonic_Capture_Timer_Init) for Ultrasonic_Capture_Timer_Init
    main.o(i.init) refers to ultrasonic.o(i.Ulrasonic_Start_Trigger) for Ulrasonic_Start_Trigger
    main.o(i.init) refers to serial.o(i.Serial_Init) for Serial_Init
    main.o(i.init) refers to adc.o(i.ADC_Init) for ADC_Init
    main.o(i.init) refers to adc.o(i.ADC_Start) for ADC_Start
    main.o(i.joystick_controller) refers to joystick.o(i.Joystick_Up_Pressed) for Joystick_Up_Pressed
    main.o(i.joystick_controller) refers to main.o(i.forward) for forward
    main.o(i.joystick_controller) refers to joystick.o(i.Joystick_Center_Pressed) for Joystick_Center_Pressed
    main.o(i.joystick_controller) refers to main.o(i.stop) for stop
    main.o(i.joystick_controller) refers to joystick.o(i.Joystick_Down_Pressed) for Joystick_Down_Pressed
    main.o(i.joystick_controller) refers to main.o(i.backward) for backward
    main.o(i.joystick_controller) refers to joystick.o(i.Joystick_Left_Pressed) for Joystick_Left_Pressed
    main.o(i.joystick_controller) refers to main.o(i.turn_ccw) for turn_ccw
    main.o(i.joystick_controller) refers to joystick.o(i.Joystick_Right_Pressed) for Joystick_Right_Pressed
    main.o(i.joystick_controller) refers to main.o(i.turn_cw) for turn_cw
    main.o(i.main) refers to main.o(i.init) for init
    main.o(i.main) refers to main.o(i.update) for update
    main.o(i.mean) refers to dflti.o(.text) for __aeabi_i2d
    main.o(i.mean) refers to ddiv.o(.text) for __aeabi_ddiv
    main.o(i.scenario1) refers to main.o(i.mean) for mean
    main.o(i.scenario1) refers to cdrcmple.o(.text) for __aeabi_cdrcmple
    main.o(i.scenario1) refers to cdcmple.o(.text) for __aeabi_cdcmple
    main.o(i.scenario1) refers to main.o(i.stop) for stop
    main.o(i.scenario1) refers to led.o(i.LED1_Off) for LED1_Off
    main.o(i.scenario1) refers to led.o(i.LED2_Off) for LED2_Off
    main.o(i.scenario1) refers to led.o(i.LED3_Off) for LED3_Off
    main.o(i.scenario1) refers to led.o(i.LED4_Off) for LED4_Off
    main.o(i.scenario1) refers to main.o(i.forward) for forward
    main.o(i.scenario1) refers to dfltui.o(.text) for __aeabi_ui2d
    main.o(i.scenario1) refers to ddiv.o(.text) for __aeabi_ddiv
    main.o(i.scenario1) refers to dmul.o(.text) for __aeabi_dmul
    main.o(i.scenario1) refers to dfixui.o(.text) for __aeabi_d2uiz
    main.o(i.scenario1) refers to main.o(i.turn_ccw) for turn_ccw
    main.o(i.scenario1) refers to main.o(i.turn_cw) for turn_cw
    main.o(i.scenario1) refers to main.o(.data) for counter
    main.o(i.scenario1) refers to ultrasonic.o(.data) for ultrasonicSensorDistance
    main.o(i.scenario1) refers to main.o(.bss) for distances
    main.o(i.scenario1) refers to adc.o(.data) for ADC_Left
    main.o(i.scenario2) refers to main.o(i.WiFiConnection) for WiFiConnection
    main.o(i.scenario2) refers to main.o(i.TCPConnectionAndCommand) for TCPConnectionAndCommand
    main.o(i.scenario2) refers to strstr.o(.text) for strstr
    main.o(i.scenario2) refers to strncpy.o(.text) for strncpy
    main.o(i.scenario2) refers to esp8266.o(.bss) for esp8266Response
    main.o(i.scenario2) refers to main.o(.data) for head
    main.o(i.serialTest) refers to serial.o(i.Serial_WriteData) for Serial_WriteData
    main.o(i.serialTest) refers to serial.o(.data) for serialTransmitData
    main.o(i.stop) refers to pwm.o(i.PWM_Write) for PWM_Write
    main.o(i.stop) refers to led.o(i.LED1_On) for LED1_On
    main.o(i.stop) refers to led.o(i.LED2_On) for LED2_On
    main.o(i.stop) refers to led.o(i.LED3_On) for LED3_On
    main.o(i.stop) refers to led.o(i.LED4_On) for LED4_On
    main.o(i.stop) refers to main.o(.data) for stop_flag
    main.o(i.turn_ccw) refers to gpio.o(i.GPIO_PIN_Write) for GPIO_PIN_Write
    main.o(i.turn_ccw) refers to pwm.o(i.PWM_Cycle_Rate) for PWM_Cycle_Rate
    main.o(i.turn_ccw) refers to pwm.o(i.PWM_Write) for PWM_Write
    main.o(i.turn_ccw) refers to main.o(.data) for turn_speed
    main.o(i.turn_cw) refers to gpio.o(i.GPIO_PIN_Write) for GPIO_PIN_Write
    main.o(i.turn_cw) refers to pwm.o(i.PWM_Cycle_Rate) for PWM_Cycle_Rate
    main.o(i.turn_cw) refers to pwm.o(i.PWM_Write) for PWM_Write
    main.o(i.turn_cw) refers to main.o(.data) for turn_speed
    main.o(i.update) refers to main.o(i.serialTest) for serialTest
    main.o(i.update_speed) refers to dfixui.o(.text) for __aeabi_d2uiz
    main.o(i.update_speed) refers to pwm.o(i.PWM_Write) for PWM_Write
    main.o(i.update_speed) refers to main.o(.data) for speed
    pwm.o(i.PWM_Init) refers to pwm.o(i.PWM_Write) for PWM_Write
    joystick.o(i.Joystick_Center_Pressed) refers to gpio.o(i.GPIO_PIN_Read) for GPIO_PIN_Read
    joystick.o(i.Joystick_Down_Pressed) refers to gpio.o(i.GPIO_PIN_Read) for GPIO_PIN_Read
    joystick.o(i.Joystick_Init) refers to gpio.o(i.GPIO_DIR_Write) for GPIO_DIR_Write
    joystick.o(i.Joystick_Left_Pressed) refers to gpio.o(i.GPIO_PIN_Read) for GPIO_PIN_Read
    joystick.o(i.Joystick_Right_Pressed) refers to gpio.o(i.GPIO_PIN_Read) for GPIO_PIN_Read
    joystick.o(i.Joystick_Up_Pressed) refers to gpio.o(i.GPIO_PIN_Read) for GPIO_PIN_Read
    led.o(i.LED1_Init) refers to gpio.o(i.GPIO_DIR_Write) for GPIO_DIR_Write
    led.o(i.LED1_Off) refers to gpio.o(i.GPIO_PIN_Write) for GPIO_PIN_Write
    led.o(i.LED1_On) refers to gpio.o(i.GPIO_PIN_Write) for GPIO_PIN_Write
    led.o(i.LED2_Init) refers to gpio.o(i.GPIO_DIR_Write) for GPIO_DIR_Write
    led.o(i.LED2_Off) refers to gpio.o(i.GPIO_PIN_Write) for GPIO_PIN_Write
    led.o(i.LED2_On) refers to gpio.o(i.GPIO_PIN_Write) for GPIO_PIN_Write
    led.o(i.LED3_Init) refers to gpio.o(i.GPIO_DIR_Write) for GPIO_DIR_Write
    led.o(i.LED3_Off) refers to gpio.o(i.GPIO_PIN_Write) for GPIO_PIN_Write
    led.o(i.LED3_On) refers to gpio.o(i.GPIO_PIN_Write) for GPIO_PIN_Write
    led.o(i.LED4_Init) refers to gpio.o(i.GPIO_DIR_Write) for GPIO_DIR_Write
    led.o(i.LED4_Off) refers to gpio.o(i.GPIO_PIN_Write) for GPIO_PIN_Write
    led.o(i.LED4_On) refers to gpio.o(i.GPIO_PIN_Write) for GPIO_PIN_Write
    pll.o(i.PLL_Change_Configuration) refers to pll.o(i.PLL_Init) for PLL_Init
    pll.o(i.PLL_Change_Configuration) refers to pll.o(i.PLL_Disable) for PLL_Disable
    pll.o(i.PLL_Change_Configuration) refers to pll.o(i.PLL_Feed) for PLL_Feed
    pll.o(i.PLL_Change_Configuration) refers to pll.o(i.PLL_Change_Source) for PLL_Change_Source
    pll.o(i.PLL_Change_Configuration) refers to pll.o(i.PLL_Change_Frequency) for PLL_Change_Frequency
    pll.o(i.PLL_Change_Configuration) refers to pll.o(i.PLL_Enable) for PLL_Enable
    pll.o(i.PLL_Change_Configuration) refers to pll.o(i.PLL_Check_State) for PLL_Check_State
    pll.o(i.PLL_Change_Configuration) refers to pll.o(i.PLL_Start) for PLL_Start
    ultrasonic.o(i.TIMER2_IRQHandler) refers to ultrasonic.o(i.__NVIC_ClearPendingIRQ) for __NVIC_ClearPendingIRQ
    ultrasonic.o(i.TIMER2_IRQHandler) refers to ultrasonic.o(i.__NVIC_EnableIRQ) for __NVIC_EnableIRQ
    ultrasonic.o(i.TIMER2_IRQHandler) refers to ultrasonic.o(.data) for isUltrasonicSensorTriggerEnded
    ultrasonic.o(i.TIMER3_IRQHandler) refers to ultrasonic.o(i.__NVIC_ClearPendingIRQ) for __NVIC_ClearPendingIRQ
    ultrasonic.o(i.TIMER3_IRQHandler) refers to ultrasonic.o(.data) for ultrasonicSensorEdgeCount
    ultrasonic.o(i.Ultrasonic_Trigger_Timer_Init) refers to ultrasonic.o(i.__NVIC_EnableIRQ) for __NVIC_EnableIRQ
    ultrasonic.o(i.Ultrasonic_Trigger_Timer_Init) refers to ultrasonic.o(i.__NVIC_ClearPendingIRQ) for __NVIC_ClearPendingIRQ
    adc.o(i.ADC_IRQHandler) refers to adc.o(i.ADC_Stop) for ADC_Stop
    adc.o(i.ADC_IRQHandler) refers to adc.o(.data) for ADC_Right
    adc.o(i.ADC_Init) refers to adc.o(i.__NVIC_EnableIRQ) for __NVIC_EnableIRQ
    adc.o(i.ADC_Start) refers to adc.o(i.__NVIC_EnableIRQ) for __NVIC_EnableIRQ
    esp8266.o(i.ESP8266_Init) refers to gpio.o(i.GPIO_DIR_Write) for GPIO_DIR_Write
    esp8266.o(i.ESP8266_Init) refers to gpio.o(i.GPIO_PIN_Write) for GPIO_PIN_Write
    esp8266.o(i.ESP8266_Write) refers to esp8266.o(i.ESP8266_WriteData) for ESP8266_WriteData
    esp8266.o(i.ESP8266_readResponse) refers to esp8266.o(i.ESP8266_ReadData) for ESP8266_ReadData
    esp8266.o(i.ESP8266_readResponse) refers to esp8266.o(.data) for esp8266CurrentBufferIndex
    esp8266.o(i.ESP8266_readResponse) refers to esp8266.o(.bss) for esp8266Buffer
    esp8266.o(i.ESP8266_sendCommand) refers to esp8266.o(i.ESP8266_Write) for ESP8266_Write
    esp8266.o(i.ESP8266_sendCommand) refers to esp8266.o(.bss) for esp8266Response
    esp8266.o(i.ESP8266_sendCommand) refers to esp8266.o(.data) for esp8266CurrentBufferIndex
    esp8266.o(i.ESP8266_waitResponseEnd) refers to strstr.o(.text) for strstr
    esp8266.o(i.ESP8266_waitResponseEnd) refers to esp8266.o(.data) for esp8266CurrentBufferIndex
    esp8266.o(i.ESP8266_waitResponseEnd) refers to esp8266.o(.bss) for esp8266Buffer
    esp8266.o(i.UART3_IRQHandler) refers to esp8266.o(i.ESP8266_ReadData) for ESP8266_ReadData
    esp8266.o(i.UART3_IRQHandler) refers to esp8266.o(.bss) for esp8266Buffer
    esp8266.o(i.UART3_IRQHandler) refers to esp8266.o(.data) for esp8266CurrentBufferIndex
    serial.o(i.Serial_WriteData) refers to serial.o(.data) for serialTransmitCompleted
    serial.o(i.UART0_IRQHandler) refers to serial.o(i.Serial_ReadData) for Serial_ReadData
    serial.o(i.UART0_IRQHandler) refers to serial.o(i.Serial_WriteData) for Serial_WriteData
    serial.o(i.UART0_IRQHandler) refers to serial.o(.data) for serialReceivedCharacter
    startup_lpc407x_8x_177x_8x.o(RESET) refers to startup_lpc407x_8x_177x_8x.o(STACK) for __initial_sp
    startup_lpc407x_8x_177x_8x.o(RESET) refers to startup_lpc407x_8x_177x_8x.o(.text) for Reset_Handler
    startup_lpc407x_8x_177x_8x.o(RESET) refers to main.o(i.SysTick_Handler) for SysTick_Handler
    startup_lpc407x_8x_177x_8x.o(RESET) refers to ultrasonic.o(i.TIMER2_IRQHandler) for TIMER2_IRQHandler
    startup_lpc407x_8x_177x_8x.o(RESET) refers to ultrasonic.o(i.TIMER3_IRQHandler) for TIMER3_IRQHandler
    startup_lpc407x_8x_177x_8x.o(RESET) refers to serial.o(i.UART0_IRQHandler) for UART0_IRQHandler
    startup_lpc407x_8x_177x_8x.o(RESET) refers to esp8266.o(i.UART3_IRQHandler) for UART3_IRQHandler
    startup_lpc407x_8x_177x_8x.o(RESET) refers to adc.o(i.ADC_IRQHandler) for ADC_IRQHandler
    startup_lpc407x_8x_177x_8x.o(.text) refers to system_lpc407x_8x_177x_8x.o(i.SystemInit) for SystemInit
    startup_lpc407x_8x_177x_8x.o(.text) refers to entry.o(.ARM.Collect$$$$00000000) for __main
    system_lpc407x_8x_177x_8x.o(i.SystemCoreClockUpdate) refers to system_lpc407x_8x_177x_8x.o(.data) for SystemCoreClock
    system_lpc407x_8x_177x_8x.o(i.SystemInit) refers to system_lpc407x_8x_177x_8x.o(i.fpu_init) for fpu_init
    system_lpc407x_8x_177x_8x.o(i.SystemInit) refers to system_lpc407x_8x_177x_8x.o(i.SystemCoreClockUpdate) for SystemCoreClockUpdate
    entry.o(.ARM.Collect$$$$00000000) refers (Special) to entry10a.o(.ARM.Collect$$$$0000000D) for __rt_final_cpp
    entry.o(.ARM.Collect$$$$00000000) refers (Special) to entry11a.o(.ARM.Collect$$$$0000000F) for __rt_final_exit
    entry.o(.ARM.Collect$$$$00000000) refers (Special) to entry7b.o(.ARM.Collect$$$$00000008) for _main_clock
    entry.o(.ARM.Collect$$$$00000000) refers (Special) to entry8b.o(.ARM.Collect$$$$0000000A) for _main_cpp_init
    entry.o(.ARM.Collect$$$$00000000) refers (Special) to entry9a.o(.ARM.Collect$$$$0000000B) for _main_init
    entry.o(.ARM.Collect$$$$00000000) refers (Special) to entry5.o(.ARM.Collect$$$$00000004) for _main_scatterload
    entry.o(.ARM.Collect$$$$00000000) refers (Special) to entry2.o(.ARM.Collect$$$$00000001) for _main_stk
    dadd.o(.text) refers (Special) to iusefp.o(.text) for __I$use$fp
    dadd.o(.text) refers to llshl.o(.text) for __aeabi_llsl
    dadd.o(.text) refers to llsshr.o(.text) for __aeabi_lasr
    dadd.o(.text) refers to depilogue.o(.text) for _double_epilogue
    dmul.o(.text) refers (Special) to iusefp.o(.text) for __I$use$fp
    dmul.o(.text) refers to depilogue.o(.text) for _double_epilogue
    ddiv.o(.text) refers (Special) to iusefp.o(.text) for __I$use$fp
    ddiv.o(.text) refers to depilogue.o(.text) for _double_round
    dflti.o(.text) refers (Special) to iusefp.o(.text) for __I$use$fp
    dflti.o(.text) refers to depilogue.o(.text) for _double_epilogue
    dfltui.o(.text) refers (Special) to iusefp.o(.text) for __I$use$fp
    dfltui.o(.text) refers to depilogue.o(.text) for _double_epilogue
    dfixui.o(.text) refers (Special) to iusefp.o(.text) for __I$use$fp
    dfixui.o(.text) refers to llushr.o(.text) for __aeabi_llsr
    cdcmple.o(.text) refers (Special) to iusefp.o(.text) for __I$use$fp
    cdrcmple.o(.text) refers (Special) to iusefp.o(.text) for __I$use$fp
    entry2.o(.ARM.Collect$$$$00000001) refers to entry2.o(.ARM.Collect$$$$00002712) for __lit__00000000
    entry2.o(.ARM.Collect$$$$00002712) refers to startup_lpc407x_8x_177x_8x.o(STACK) for __initial_sp
    entry2.o(__vectab_stack_and_reset_area) refers to startup_lpc407x_8x_177x_8x.o(STACK) for __initial_sp
    entry2.o(__vectab_stack_and_reset_area) refers to entry.o(.ARM.Collect$$$$00000000) for __main
    entry5.o(.ARM.Collect$$$$00000004) refers to init.o(.text) for __scatterload
    entry9a.o(.ARM.Collect$$$$0000000B) refers to main.o(i.main) for main
    entry9b.o(.ARM.Collect$$$$0000000C) refers to main.o(i.main) for main
    depilogue.o(.text) refers to llshl.o(.text) for __aeabi_llsl
    depilogue.o(.text) refers to llushr.o(.text) for __aeabi_llsr
    init.o(.text) refers to entry5.o(.ARM.Collect$$$$00000004) for __main_after_scatterload


==============================================================================

Removing Unused input sections from the image.

    Removing main.o(.rev16_text), (4 bytes).
    Removing main.o(.revsh_text), (4 bytes).
    Removing main.o(.rrx_text), (6 bytes).
    Removing main.o(i.TCPConnectionAndCommand), (240 bytes).
    Removing main.o(i.WiFiConnection), (208 bytes).
    Removing main.o(i.backward), (152 bytes).
    Removing main.o(i.calc_speed), (128 bytes).
    Removing main.o(i.controller), (140 bytes).
    Removing main.o(i.deep_power_down_on), (40 bytes).
    Removing main.o(i.forward), (152 bytes).
    Removing main.o(i.joystick_controller), (62 bytes).
    Removing main.o(i.mean), (70 bytes).
    Removing main.o(i.power_down_on), (40 bytes).
    Removing main.o(i.scenario1), (388 bytes).
    Removing main.o(i.scenario2), (120 bytes).
    Removing main.o(i.scenario3), (2 bytes).
    Removing main.o(i.stop), (80 bytes).
    Removing main.o(i.turn_ccw), (128 bytes).
    Removing main.o(i.turn_cw), (132 bytes).
    Removing main.o(i.update_speed), (52 bytes).
    Removing main.o(.bss), (40 bytes).
    Removing main.o(.data), (80 bytes).
    Removing pwm.o(.rev16_text), (4 bytes).
    Removing pwm.o(.revsh_text), (4 bytes).
    Removing pwm.o(.rrx_text), (6 bytes).
    Removing pwm.o(i.PWM_Cycle_Rate), (32 bytes).
    Removing gpio.o(.rev16_text), (4 bytes).
    Removing gpio.o(.revsh_text), (4 bytes).
    Removing gpio.o(.rrx_text), (6 bytes).
    Removing gpio.o(i.GPIO_PIN_Read), (10 bytes).
    Removing joystick.o(.rev16_text), (4 bytes).
    Removing joystick.o(.revsh_text), (4 bytes).
    Removing joystick.o(.rrx_text), (6 bytes).
    Removing joystick.o(i.Joystick_Center_Pressed), (24 bytes).
    Removing joystick.o(i.Joystick_Down_Pressed), (24 bytes).
    Removing joystick.o(i.Joystick_Left_Pressed), (24 bytes).
    Removing joystick.o(i.Joystick_Right_Pressed), (24 bytes).
    Removing joystick.o(i.Joystick_Up_Pressed), (24 bytes).
    Removing led.o(.rev16_text), (4 bytes).
    Removing led.o(.revsh_text), (4 bytes).
    Removing led.o(.rrx_text), (6 bytes).
    Removing led.o(i.LED1_On), (20 bytes).
    Removing led.o(i.LED2_On), (20 bytes).
    Removing led.o(i.LED3_On), (20 bytes).
    Removing led.o(i.LED4_On), (20 bytes).
    Removing pll.o(.rev16_text), (4 bytes).
    Removing pll.o(.revsh_text), (4 bytes).
    Removing pll.o(.rrx_text), (6 bytes).
    Removing timer.o(.rev16_text), (4 bytes).
    Removing timer.o(.revsh_text), (4 bytes).
    Removing timer.o(.rrx_text), (6 bytes).
    Removing ultrasonic.o(.rev16_text), (4 bytes).
    Removing ultrasonic.o(.revsh_text), (4 bytes).
    Removing ultrasonic.o(.rrx_text), (6 bytes).
    Removing adc.o(.rev16_text), (4 bytes).
    Removing adc.o(.revsh_text), (4 bytes).
    Removing adc.o(.rrx_text), (6 bytes).
    Removing systemticktimer.o(.rev16_text), (4 bytes).
    Removing systemticktimer.o(.revsh_text), (4 bytes).
    Removing systemticktimer.o(.rrx_text), (6 bytes).
    Removing esp8266.o(.rev16_text), (4 bytes).
    Removing esp8266.o(.revsh_text), (4 bytes).
    Removing esp8266.o(.rrx_text), (6 bytes).
    Removing esp8266.o(i.ESP8266_Init), (192 bytes).
    Removing esp8266.o(i.ESP8266_Write), (22 bytes).
    Removing esp8266.o(i.ESP8266_WriteData), (24 bytes).
    Removing esp8266.o(i.ESP8266_clearBuffer), (2 bytes).
    Removing esp8266.o(i.ESP8266_readResponse), (84 bytes).
    Removing esp8266.o(i.ESP8266_sendCommand), (60 bytes).
    Removing esp8266.o(i.ESP8266_waitResponseEnd), (208 bytes).
    Removing serial.o(.rev16_text), (4 bytes).
    Removing serial.o(.revsh_text), (4 bytes).
    Removing serial.o(.rrx_text), (6 bytes).
    Removing startup_lpc407x_8x_177x_8x.o(HEAP), (0 bytes).
    Removing system_lpc407x_8x_177x_8x.o(.rev16_text), (4 bytes).
    Removing system_lpc407x_8x_177x_8x.o(.revsh_text), (4 bytes).
    Removing system_lpc407x_8x_177x_8x.o(.rrx_text), (6 bytes).
    Removing dadd.o(.text), (334 bytes).
    Removing dmul.o(.text), (228 bytes).
    Removing ddiv.o(.text), (222 bytes).
    Removing dflti.o(.text), (34 bytes).
    Removing dfltui.o(.text), (26 bytes).
    Removing dfixui.o(.text), (50 bytes).
    Removing cdcmple.o(.text), (48 bytes).
    Removing cdrcmple.o(.text), (48 bytes).
    Removing depilogue.o(.text), (186 bytes).

86 unused section(s) (total 4446 bytes) removed from the image.

==============================================================================

Image Symbol Table

    Local Symbols

    Symbol Name                              Value     Ov Type        Size  Object(Section)

    RESET                                    0x00000000   Section      228  startup_lpc407x_8x_177x_8x.o(RESET)
    ../clib/microlib/init/entry.s            0x00000000   Number         0  entry11b.o ABSOLUTE
    ../clib/microlib/init/entry.s            0x00000000   Number         0  entry11a.o ABSOLUTE
    ../clib/microlib/init/entry.s            0x00000000   Number         0  entry10a.o ABSOLUTE
    ../clib/microlib/init/entry.s            0x00000000   Number         0  entry.o ABSOLUTE
    ../clib/microlib/init/entry.s            0x00000000   Number         0  entry2.o ABSOLUTE
    ../clib/microlib/init/entry.s            0x00000000   Number         0  entry5.o ABSOLUTE
    ../clib/microlib/init/entry.s            0x00000000   Number         0  entry7a.o ABSOLUTE
    ../clib/microlib/init/entry.s            0x00000000   Number         0  entry8a.o ABSOLUTE
    ../clib/microlib/init/entry.s            0x00000000   Number         0  entry8b.o ABSOLUTE
    ../clib/microlib/init/entry.s            0x00000000   Number         0  entry9a.o ABSOLUTE
    ../clib/microlib/init/entry.s            0x00000000   Number         0  entry9b.o ABSOLUTE
    ../clib/microlib/init/entry.s            0x00000000   Number         0  entry10b.o ABSOLUTE
    ../clib/microlib/init/entry.s            0x00000000   Number         0  entry7b.o ABSOLUTE
    ../clib/microlib/longlong.c              0x00000000   Number         0  llsshr.o ABSOLUTE
    ../clib/microlib/longlong.c              0x00000000   Number         0  llushr.o ABSOLUTE
    ../clib/microlib/longlong.c              0x00000000   Number         0  llshl.o ABSOLUTE
    ../clib/microlib/string/strncpy.c        0x00000000   Number         0  strncpy.o ABSOLUTE
    ../clib/microlib/string/strstr.c         0x00000000   Number         0  strstr.o ABSOLUTE
    ../clib/microlib/stubs.s                 0x00000000   Number         0  iusefp.o ABSOLUTE
    ../fplib/microlib/fpadd.c                0x00000000   Number         0  dadd.o ABSOLUTE
    ../fplib/microlib/fpdiv.c                0x00000000   Number         0  ddiv.o ABSOLUTE
    ../fplib/microlib/fpepilogue.c           0x00000000   Number         0  depilogue.o ABSOLUTE
    ../fplib/microlib/fpfix.c                0x00000000   Number         0  dfixui.o ABSOLUTE
    ../fplib/microlib/fpflt.c                0x00000000   Number         0  dflti.o ABSOLUTE
    ../fplib/microlib/fpflt.c                0x00000000   Number         0  dfltui.o ABSOLUTE
    ../fplib/microlib/fpmul.c                0x00000000   Number         0  dmul.o ABSOLUTE
    Library\ADC.c                            0x00000000   Number         0  adc.o ABSOLUTE
    Library\ESP8266.c                        0x00000000   Number         0  esp8266.o ABSOLUTE
    Library\GPIO.c                           0x00000000   Number         0  gpio.o ABSOLUTE
    Library\Joystick.c                       0x00000000   Number         0  joystick.o ABSOLUTE
    Library\LED.c                            0x00000000   Number         0  led.o ABSOLUTE
    Library\PLL.c                            0x00000000   Number         0  pll.o ABSOLUTE
    Library\PWM.c                            0x00000000   Number         0  pwm.o ABSOLUTE
    Library\Serial.c                         0x00000000   Number         0  serial.o ABSOLUTE
    Library\SystemTickTimer.c                0x00000000   Number         0  systemticktimer.o ABSOLUTE
    Library\Timer.c                          0x00000000   Number         0  timer.o ABSOLUTE
    Library\Ultrasonic.c                     0x00000000   Number         0  ultrasonic.o ABSOLUTE
    Library\\ADC.c                           0x00000000   Number         0  adc.o ABSOLUTE
    Library\\ESP8266.c                       0x00000000   Number         0  esp8266.o ABSOLUTE
    Library\\GPIO.c                          0x00000000   Number         0  gpio.o ABSOLUTE
    Library\\Joystick.c                      0x00000000   Number         0  joystick.o ABSOLUTE
    Library\\LED.c                           0x00000000   Number         0  led.o ABSOLUTE
    Library\\PLL.c                           0x00000000   Number         0  pll.o ABSOLUTE
    Library\\PWM.c                           0x00000000   Number         0  pwm.o ABSOLUTE
    Library\\Serial.c                        0x00000000   Number         0  serial.o ABSOLUTE
    Library\\SystemTickTimer.c               0x00000000   Number         0  systemticktimer.o ABSOLUTE
    Library\\Timer.c                         0x00000000   Number         0  timer.o ABSOLUTE
    Library\\Ultrasonic.c                    0x00000000   Number         0  ultrasonic.o ABSOLUTE
    RTE\Device\LPC4088FET208\startup_LPC407x_8x_177x_8x.s 0x00000000   Number         0  startup_lpc407x_8x_177x_8x.o ABSOLUTE
    RTE\Device\LPC4088FET208\system_LPC407x_8x_177x_8x.c 0x00000000   Number         0  system_lpc407x_8x_177x_8x.o ABSOLUTE
    RTE\\Device\\LPC4088FET208\\system_LPC407x_8x_177x_8x.c 0x00000000   Number         0  system_lpc407x_8x_177x_8x.o ABSOLUTE
    cdcmple.s                                0x00000000   Number         0  cdcmple.o ABSOLUTE
    cdrcmple.s                               0x00000000   Number         0  cdrcmple.o ABSOLUTE
    dc.s                                     0x00000000   Number         0  dc.o ABSOLUTE
    handlers.s                               0x00000000   Number         0  handlers.o ABSOLUTE
    init.s                                   0x00000000   Number         0  init.o ABSOLUTE
    main.c                                   0x00000000   Number         0  main.o ABSOLUTE
    main.c                                   0x00000000   Number         0  main.o ABSOLUTE
    .ARM.Collect$$$$00000000                 0x000000e4   Section        0  entry.o(.ARM.Collect$$$$00000000)
    .ARM.Collect$$$$00000001                 0x000000e4   Section        4  entry2.o(.ARM.Collect$$$$00000001)
    .ARM.Collect$$$$00000004                 0x000000e8   Section        4  entry5.o(.ARM.Collect$$$$00000004)
    .ARM.Collect$$$$00000008                 0x000000ec   Section        0  entry7b.o(.ARM.Collect$$$$00000008)
    .ARM.Collect$$$$0000000A                 0x000000ec   Section        0  entry8b.o(.ARM.Collect$$$$0000000A)
    .ARM.Collect$$$$0000000B                 0x000000ec   Section        8  entry9a.o(.ARM.Collect$$$$0000000B)
    .ARM.Collect$$$$0000000D                 0x000000f4   Section        0  entry10a.o(.ARM.Collect$$$$0000000D)
    .ARM.Collect$$$$0000000F                 0x000000f4   Section        0  entry11a.o(.ARM.Collect$$$$0000000F)
    .ARM.Collect$$$$00002712                 0x000000f4   Section        4  entry2.o(.ARM.Collect$$$$00002712)
    __lit__00000000                          0x000000f4   Data           4  entry2.o(.ARM.Collect$$$$00002712)
    .text                                    0x000000f8   Section       36  startup_lpc407x_8x_177x_8x.o(.text)
    $v0                                      0x000000f8   Number         0  startup_lpc407x_8x_177x_8x.o(.text)
    .text                                    0x0000011c   Section       36  init.o(.text)
    i.ADC_IRQHandler                         0x00000140   Section        0  adc.o(i.ADC_IRQHandler)
    i.ADC_Init                               0x000001a0   Section        0  adc.o(i.ADC_Init)
    i.ADC_Start                              0x00000280   Section        0  adc.o(i.ADC_Start)
    i.ADC_Stop                               0x000002a8   Section        0  adc.o(i.ADC_Stop)
    i.GPIO_DIR_Write                         0x000002e8   Section        0  gpio.o(i.GPIO_DIR_Write)
    i.__scatterload_null                     0x000002fa   Section        2  handlers.o(i.__scatterload_null)
    .ARM.__at_0x02FC                         0x000002fc   Section        4  startup_lpc407x_8x_177x_8x.o(.ARM.__at_0x02FC)
    i.ESP8266_ReadData                       0x00000300   Section        0  esp8266.o(i.ESP8266_ReadData)
    i.GPIO_PIN_Write                         0x00000318   Section        0  gpio.o(i.GPIO_PIN_Write)
    i.Joystick_Init                          0x0000032c   Section        0  joystick.o(i.Joystick_Init)
    i.LED1_Init                              0x00000368   Section        0  led.o(i.LED1_Init)
    i.LED1_Off                               0x0000037c   Section        0  led.o(i.LED1_Off)
    i.LED2_Init                              0x00000390   Section        0  led.o(i.LED2_Init)
    i.LED2_Off                               0x000003a4   Section        0  led.o(i.LED2_Off)
    i.LED3_Init                              0x000003b8   Section        0  led.o(i.LED3_Init)
    i.LED3_Off                               0x000003cc   Section        0  led.o(i.LED3_Off)
    i.LED4_Init                              0x000003e0   Section        0  led.o(i.LED4_Init)
    i.LED4_Off                               0x000003f4   Section        0  led.o(i.LED4_Off)
    i.PLL_Change_Configuration               0x00000408   Section        0  pll.o(i.PLL_Change_Configuration)
    i.PLL_Change_Frequency                   0x00000430   Section        0  pll.o(i.PLL_Change_Frequency)
    i.PLL_Change_Source                      0x00000454   Section        0  pll.o(i.PLL_Change_Source)
    i.PLL_Check_State                        0x0000046c   Section        0  pll.o(i.PLL_Check_State)
    i.PLL_Disable                            0x00000480   Section        0  pll.o(i.PLL_Disable)
    i.PLL_Enable                             0x00000498   Section        0  pll.o(i.PLL_Enable)
    i.PLL_Feed                               0x000004b0   Section        0  pll.o(i.PLL_Feed)
    i.PLL_Init                               0x000004c8   Section        0  pll.o(i.PLL_Init)
    i.PLL_Start                              0x000004f4   Section        0  pll.o(i.PLL_Start)
    i.PWM_Init                               0x00000530   Section        0  pwm.o(i.PWM_Init)
    i.PWM_Write                              0x00000670   Section        0  pwm.o(i.PWM_Write)
    i.Serial_Init                            0x000006e0   Section        0  serial.o(i.Serial_Init)
    i.Serial_ReadData                        0x00000794   Section        0  serial.o(i.Serial_ReadData)
    i.Serial_WriteData                       0x000007a0   Section        0  serial.o(i.Serial_WriteData)
    i.SysTick_Handler                        0x000007b4   Section        0  main.o(i.SysTick_Handler)
    i.SysTick_Init                           0x000007bc   Section        0  systemticktimer.o(i.SysTick_Init)
    i.SystemCoreClockUpdate                  0x000007f0   Section        0  system_lpc407x_8x_177x_8x.o(i.SystemCoreClockUpdate)
    i.SystemInit                             0x00000ac4   Section        0  system_lpc407x_8x_177x_8x.o(i.SystemInit)
    i.TIMER2_IRQHandler                      0x00000bb0   Section        0  ultrasonic.o(i.TIMER2_IRQHandler)
    i.TIMER3_IRQHandler                      0x00000c00   Section        0  ultrasonic.o(i.TIMER3_IRQHandler)
    i.UART0_IRQHandler                       0x00000cbc   Section        0  serial.o(i.UART0_IRQHandler)
    i.UART3_IRQHandler                       0x00000d10   Section        0  esp8266.o(i.UART3_IRQHandler)
    i.Ulrasonic_Start_Trigger                0x00000d34   Section        0  ultrasonic.o(i.Ulrasonic_Start_Trigger)
    i.Ultrasonic_Capture_Timer_Init          0x00000d60   Section        0  ultrasonic.o(i.Ultrasonic_Capture_Timer_Init)
    i.Ultrasonic_Trigger_Timer_Init          0x00000dd0   Section        0  ultrasonic.o(i.Ultrasonic_Trigger_Timer_Init)
    i.__NVIC_ClearPendingIRQ                 0x00000e64   Section        0  ultrasonic.o(i.__NVIC_ClearPendingIRQ)
    __NVIC_ClearPendingIRQ                   0x00000e65   Thumb Code    22  ultrasonic.o(i.__NVIC_ClearPendingIRQ)
    i.__NVIC_EnableIRQ                       0x00000e80   Section        0  ultrasonic.o(i.__NVIC_EnableIRQ)
    __NVIC_EnableIRQ                         0x00000e81   Thumb Code    26  ultrasonic.o(i.__NVIC_EnableIRQ)
    i.__NVIC_EnableIRQ                       0x00000e9a   Section        0  adc.o(i.__NVIC_EnableIRQ)
    __NVIC_EnableIRQ                         0x00000e9b   Thumb Code    26  adc.o(i.__NVIC_EnableIRQ)
    i.__scatterload_copy                     0x00000eb4   Section       14  handlers.o(i.__scatterload_copy)
    i.__scatterload_zeroinit                 0x00000ec2   Section       14  handlers.o(i.__scatterload_zeroinit)
    i.fpu_init                               0x00000ed0   Section        0  system_lpc407x_8x_177x_8x.o(i.fpu_init)
    i.init                                   0x00000f20   Section        0  main.o(i.init)
    i.main                                   0x00000fcc   Section        0  main.o(i.main)
    i.serialTest                             0x00000fd8   Section        0  main.o(i.serialTest)
    i.update                                 0x00001014   Section        0  main.o(i.update)
    .data                                    0x10000000   Section       24  ultrasonic.o(.data)
    .data                                    0x10000018   Section       12  adc.o(.data)
    .data                                    0x10000024   Section        3  esp8266.o(.data)
    .data                                    0x10000028   Section        6  serial.o(.data)
    .data                                    0x10000030   Section       16  system_lpc407x_8x_177x_8x.o(.data)
    .bss                                     0x10000040   Section      512  esp8266.o(.bss)
    STACK                                    0x10000240   Section     1024  startup_lpc407x_8x_177x_8x.o(STACK)

    Global Symbols

    Symbol Name                              Value     Ov Type        Size  Object(Section)

    BuildAttributes$$THM_ISAv4$E$P$D$K$B$S$7EM$VFPi3$EXTD16$VFPS$VFMA$PE$A:L22UL41UL21$X:L11$S22US41US21$IEEE1$IW$USESV6$~STKCKD$USESV7$~SHL$OSPACE$ROPI$EBA8$MICROLIB$REQ8$PRES8$EABIv2 0x00000000   Number         0  anon$$obj.o ABSOLUTE
    __ARM_use_no_argv                        0x00000000   Number         0  main.o ABSOLUTE
    __Vectors                                0x00000000   Data           4  startup_lpc407x_8x_177x_8x.o(RESET)
    __cpp_initialize__aeabi_                  - Undefined Weak Reference
    __cxa_finalize                            - Undefined Weak Reference
    __decompress                              - Undefined Weak Reference
    _clock_init                               - Undefined Weak Reference
    _microlib_exit                            - Undefined Weak Reference
    __main                                   0x000000e5   Thumb Code     0  entry.o(.ARM.Collect$$$$00000000)
    _main_stk                                0x000000e5   Thumb Code     0  entry2.o(.ARM.Collect$$$$00000001)
    _main_scatterload                        0x000000e9   Thumb Code     0  entry5.o(.ARM.Collect$$$$00000004)
    __main_after_scatterload                 0x000000ed   Thumb Code     0  entry5.o(.ARM.Collect$$$$00000004)
    _main_clock                              0x000000ed   Thumb Code     0  entry7b.o(.ARM.Collect$$$$00000008)
    _main_cpp_init                           0x000000ed   Thumb Code     0  entry8b.o(.ARM.Collect$$$$0000000A)
    _main_init                               0x000000ed   Thumb Code     0  entry9a.o(.ARM.Collect$$$$0000000B)
    __rt_final_cpp                           0x000000f5   Thumb Code     0  entry10a.o(.ARM.Collect$$$$0000000D)
    __rt_final_exit                          0x000000f5   Thumb Code     0  entry11a.o(.ARM.Collect$$$$0000000F)
    Reset_Handler                            0x000000f9   Thumb Code     8  startup_lpc407x_8x_177x_8x.o(.text)
    NMI_Handler                              0x00000101   Thumb Code     2  startup_lpc407x_8x_177x_8x.o(.text)
    HardFault_Handler                        0x00000103   Thumb Code     2  startup_lpc407x_8x_177x_8x.o(.text)
    MemManage_Handler                        0x00000105   Thumb Code     2  startup_lpc407x_8x_177x_8x.o(.text)
    BusFault_Handler                         0x00000107   Thumb Code     2  startup_lpc407x_8x_177x_8x.o(.text)
    UsageFault_Handler                       0x00000109   Thumb Code     2  startup_lpc407x_8x_177x_8x.o(.text)
    SVC_Handler                              0x0000010b   Thumb Code     2  startup_lpc407x_8x_177x_8x.o(.text)
    DebugMon_Handler                         0x0000010d   Thumb Code     2  startup_lpc407x_8x_177x_8x.o(.text)
    PendSV_Handler                           0x0000010f   Thumb Code     2  startup_lpc407x_8x_177x_8x.o(.text)
    BOD_IRQHandler                           0x00000113   Thumb Code     0  startup_lpc407x_8x_177x_8x.o(.text)
    CANActivity_IRQHandler                   0x00000113   Thumb Code     0  startup_lpc407x_8x_177x_8x.o(.text)
    CAN_IRQHandler                           0x00000113   Thumb Code     0  startup_lpc407x_8x_177x_8x.o(.text)
    DMA_IRQHandler                           0x00000113   Thumb Code     0  startup_lpc407x_8x_177x_8x.o(.text)
    EEPROM_IRQHandler                        0x00000113   Thumb Code     0  startup_lpc407x_8x_177x_8x.o(.text)
    EINT0_IRQHandler                         0x00000113   Thumb Code     0  startup_lpc407x_8x_177x_8x.o(.text)
    EINT1_IRQHandler                         0x00000113   Thumb Code     0  startup_lpc407x_8x_177x_8x.o(.text)
    EINT2_IRQHandler                         0x00000113   Thumb Code     0  startup_lpc407x_8x_177x_8x.o(.text)
    EINT3_IRQHandler                         0x00000113   Thumb Code     0  startup_lpc407x_8x_177x_8x.o(.text)
    ENET_IRQHandler                          0x00000113   Thumb Code     0  startup_lpc407x_8x_177x_8x.o(.text)
    GPIO_IRQHandler                          0x00000113   Thumb Code     0  startup_lpc407x_8x_177x_8x.o(.text)
    I2C0_IRQHandler                          0x00000113   Thumb Code     0  startup_lpc407x_8x_177x_8x.o(.text)
    I2C1_IRQHandler                          0x00000113   Thumb Code     0  startup_lpc407x_8x_177x_8x.o(.text)
    I2C2_IRQHandler                          0x00000113   Thumb Code     0  startup_lpc407x_8x_177x_8x.o(.text)
    I2S_IRQHandler                           0x00000113   Thumb Code     0  startup_lpc407x_8x_177x_8x.o(.text)
    LCD_IRQHandler                           0x00000113   Thumb Code     0  startup_lpc407x_8x_177x_8x.o(.text)
    MCI_IRQHandler                           0x00000113   Thumb Code     0  startup_lpc407x_8x_177x_8x.o(.text)
    MCPWM_IRQHandler                         0x00000113   Thumb Code     0  startup_lpc407x_8x_177x_8x.o(.text)
    PLL0_IRQHandler                          0x00000113   Thumb Code     0  startup_lpc407x_8x_177x_8x.o(.text)
    PLL1_IRQHandler                          0x00000113   Thumb Code     0  startup_lpc407x_8x_177x_8x.o(.text)
    PWM0_IRQHandler                          0x00000113   Thumb Code     0  startup_lpc407x_8x_177x_8x.o(.text)
    PWM1_IRQHandler                          0x00000113   Thumb Code     0  startup_lpc407x_8x_177x_8x.o(.text)
    QEI_IRQHandler                           0x00000113   Thumb Code     0  startup_lpc407x_8x_177x_8x.o(.text)
    RTC_IRQHandler                           0x00000113   Thumb Code     0  startup_lpc407x_8x_177x_8x.o(.text)
    SSP0_IRQHandler                          0x00000113   Thumb Code     0  startup_lpc407x_8x_177x_8x.o(.text)
    SSP1_IRQHandler                          0x00000113   Thumb Code     0  startup_lpc407x_8x_177x_8x.o(.text)
    SSP2_IRQHandler                          0x00000113   Thumb Code     0  startup_lpc407x_8x_177x_8x.o(.text)
    TIMER0_IRQHandler                        0x00000113   Thumb Code     0  startup_lpc407x_8x_177x_8x.o(.text)
    TIMER1_IRQHandler                        0x00000113   Thumb Code     0  startup_lpc407x_8x_177x_8x.o(.text)
    UART1_IRQHandler                         0x00000113   Thumb Code     0  startup_lpc407x_8x_177x_8x.o(.text)
    UART2_IRQHandler                         0x00000113   Thumb Code     0  startup_lpc407x_8x_177x_8x.o(.text)
    UART4_IRQHandler                         0x00000113   Thumb Code     0  startup_lpc407x_8x_177x_8x.o(.text)
    USBActivity_IRQHandler                   0x00000113   Thumb Code     0  startup_lpc407x_8x_177x_8x.o(.text)
    USB_IRQHandler                           0x00000113   Thumb Code     0  startup_lpc407x_8x_177x_8x.o(.text)
    WDT_IRQHandler                           0x00000113   Thumb Code     0  startup_lpc407x_8x_177x_8x.o(.text)
    __scatterload                            0x0000011d   Thumb Code    28  init.o(.text)
    __scatterload_rt2                        0x0000011d   Thumb Code     0  init.o(.text)
    ADC_IRQHandler                           0x00000141   Thumb Code    80  adc.o(i.ADC_IRQHandler)
    ADC_Init                                 0x000001a1   Thumb Code   210  adc.o(i.ADC_Init)
    ADC_Start                                0x00000281   Thumb Code    34  adc.o(i.ADC_Start)
    ADC_Stop                                 0x000002a9   Thumb Code    58  adc.o(i.ADC_Stop)
    GPIO_DIR_Write                           0x000002e9   Thumb Code    18  gpio.o(i.GPIO_DIR_Write)
    __scatterload_null                       0x000002fb   Thumb Code     2  handlers.o(i.__scatterload_null)
    ESP8266_ReadData                         0x00000301   Thumb Code    20  esp8266.o(i.ESP8266_ReadData)
    GPIO_PIN_Write                           0x00000319   Thumb Code    18  gpio.o(i.GPIO_PIN_Write)
    Joystick_Init                            0x0000032d   Thumb Code    54  joystick.o(i.Joystick_Init)
    LED1_Init                                0x00000369   Thumb Code    14  led.o(i.LED1_Init)
    LED1_Off                                 0x0000037d   Thumb Code    14  led.o(i.LED1_Off)
    LED2_Init                                0x00000391   Thumb Code    14  led.o(i.LED2_Init)
    LED2_Off                                 0x000003a5   Thumb Code    14  led.o(i.LED2_Off)
    LED3_Init                                0x000003b9   Thumb Code    14  led.o(i.LED3_Init)
    LED3_Off                                 0x000003cd   Thumb Code    16  led.o(i.LED3_Off)
    LED4_Init                                0x000003e1   Thumb Code    14  led.o(i.LED4_Init)
    LED4_Off                                 0x000003f5   Thumb Code    16  led.o(i.LED4_Off)
    PLL_Change_Configuration                 0x00000409   Thumb Code    40  pll.o(i.PLL_Change_Configuration)
    PLL_Change_Frequency                     0x00000431   Thumb Code    32  pll.o(i.PLL_Change_Frequency)
    PLL_Change_Source                        0x00000455   Thumb Code    16  pll.o(i.PLL_Change_Source)
    PLL_Check_State                          0x0000046d   Thumb Code    16  pll.o(i.PLL_Check_State)
    PLL_Disable                              0x00000481   Thumb Code    18  pll.o(i.PLL_Disable)
    PLL_Enable                               0x00000499   Thumb Code    18  pll.o(i.PLL_Enable)
    PLL_Feed                                 0x000004b1   Thumb Code    18  pll.o(i.PLL_Feed)
    PLL_Init                                 0x000004c9   Thumb Code    36  pll.o(i.PLL_Init)
    PLL_Start                                0x000004f5   Thumb Code    50  pll.o(i.PLL_Start)
    PWM_Init                                 0x00000531   Thumb Code   304  pwm.o(i.PWM_Init)
    PWM_Write                                0x00000671   Thumb Code   108  pwm.o(i.PWM_Write)
    Serial_Init                              0x000006e1   Thumb Code   158  serial.o(i.Serial_Init)
    Serial_ReadData                          0x00000795   Thumb Code     6  serial.o(i.Serial_ReadData)
    Serial_WriteData                         0x000007a1   Thumb Code    12  serial.o(i.Serial_WriteData)
    SysTick_Handler                          0x000007b5   Thumb Code     8  main.o(i.SysTick_Handler)
    SysTick_Init                             0x000007bd   Thumb Code    46  systemticktimer.o(i.SysTick_Init)
    SystemCoreClockUpdate                    0x000007f1   Thumb Code   696  system_lpc407x_8x_177x_8x.o(i.SystemCoreClockUpdate)
    SystemInit                               0x00000ac5   Thumb Code   220  system_lpc407x_8x_177x_8x.o(i.SystemInit)
    TIMER2_IRQHandler                        0x00000bb1   Thumb Code    66  ultrasonic.o(i.TIMER2_IRQHandler)
    TIMER3_IRQHandler                        0x00000c01   Thumb Code   162  ultrasonic.o(i.TIMER3_IRQHandler)
    UART0_IRQHandler                         0x00000cbd   Thumb Code    68  serial.o(i.UART0_IRQHandler)
    UART3_IRQHandler                         0x00000d11   Thumb Code    28  esp8266.o(i.UART3_IRQHandler)
    Ulrasonic_Start_Trigger                  0x00000d35   Thumb Code    38  ultrasonic.o(i.Ulrasonic_Start_Trigger)
    Ultrasonic_Capture_Timer_Init            0x00000d61   Thumb Code   100  ultrasonic.o(i.Ultrasonic_Capture_Timer_Init)
    Ultrasonic_Trigger_Timer_Init            0x00000dd1   Thumb Code   128  ultrasonic.o(i.Ultrasonic_Trigger_Timer_Init)
    __scatterload_copy                       0x00000eb5   Thumb Code    14  handlers.o(i.__scatterload_copy)
    __scatterload_zeroinit                   0x00000ec3   Thumb Code    14  handlers.o(i.__scatterload_zeroinit)
    fpu_init                                 0x00000ed1   Thumb Code    62  system_lpc407x_8x_177x_8x.o(i.fpu_init)
    init                                     0x00000f21   Thumb Code   168  main.o(i.init)
    main                                     0x00000fcd   Thumb Code    12  main.o(i.main)
    serialTest                               0x00000fd9   Thumb Code    38  main.o(i.serialTest)
    update                                   0x00001015   Thumb Code     8  main.o(i.update)
    Region$$Table$$Base                      0x0000101c   Number         0  anon$$obj.o(Region$$Table)
    Region$$Table$$Limit                     0x0000103c   Number         0  anon$$obj.o(Region$$Table)
    isUltrasonicSensorTriggerEnded           0x10000000   Data           1  ultrasonic.o(.data)
    ultrasonicSensorEdgeCount                0x10000001   Data           1  ultrasonic.o(.data)
    temp                                     0x10000004   Data           4  ultrasonic.o(.data)
    ultrasonicSensorRisingTime               0x10000008   Data           4  ultrasonic.o(.data)
    ultrasonicSensorFallingTime              0x1000000c   Data           4  ultrasonic.o(.data)
    ultrasonicSensorDuration                 0x10000010   Data           4  ultrasonic.o(.data)
    ultrasonicSensorDistance                 0x10000014   Data           4  ultrasonic.o(.data)
    ADC_Left                                 0x10000018   Data           4  adc.o(.data)
    ADC_Right                                0x1000001c   Data           4  adc.o(.data)
    ADC_Trimpot                              0x10000020   Data           4  adc.o(.data)
    esp8266CurrentBufferIndex                0x10000024   Data           1  esp8266.o(.data)
    esp8266ResponseStartIndex                0x10000025   Data           1  esp8266.o(.data)
    esp8266ResponseCurrentIndex              0x10000026   Data           1  esp8266.o(.data)
    serialTransmitData                       0x10000028   Data           4  serial.o(.data)
    serialTransmitCompleted                  0x1000002c   Data           1  serial.o(.data)
    serialReceivedCharacter                  0x1000002d   Data           1  serial.o(.data)
    SystemCoreClock                          0x10000030   Data           4  system_lpc407x_8x_177x_8x.o(.data)
    PeripheralClock                          0x10000034   Data           4  system_lpc407x_8x_177x_8x.o(.data)
    EMCClock                                 0x10000038   Data           4  system_lpc407x_8x_177x_8x.o(.data)
    USBClock                                 0x1000003c   Data           4  system_lpc407x_8x_177x_8x.o(.data)
    esp8266Buffer                            0x10000040   Data         256  esp8266.o(.bss)
    esp8266Response                          0x10000140   Data         256  esp8266.o(.bss)
    __initial_sp                             0x10000640   Data           0  startup_lpc407x_8x_177x_8x.o(STACK)



==============================================================================

Memory Map of the image

  Image Entry point : 0x000000f9

  Load Region LR_1 (Base: 0x00000000, Size: 0x0000107c, Max: 0xffffffff, ABSOLUTE)

    Execution Region ER_RO (Exec base: 0x00000000, Load base: 0x00000000, Size: 0x0000103c, Max: 0xffffffff, ABSOLUTE)

    Exec Addr    Load Addr    Size         Type   Attr      Idx    E Section Name        Object

    0x00000000   0x00000000   0x000000e4   Data   RO          848    RESET               startup_lpc407x_8x_177x_8x.o
    0x000000e4   0x000000e4   0x00000000   Code   RO          898  * .ARM.Collect$$$$00000000  mc_w.l(entry.o)
    0x000000e4   0x000000e4   0x00000004   Code   RO          921    .ARM.Collect$$$$00000001  mc_w.l(entry2.o)
    0x000000e8   0x000000e8   0x00000004   Code   RO          924    .ARM.Collect$$$$00000004  mc_w.l(entry5.o)
    0x000000ec   0x000000ec   0x00000000   Code   RO          926    .ARM.Collect$$$$00000008  mc_w.l(entry7b.o)
    0x000000ec   0x000000ec   0x00000000   Code   RO          928    .ARM.Collect$$$$0000000A  mc_w.l(entry8b.o)
    0x000000ec   0x000000ec   0x00000008   Code   RO          929    .ARM.Collect$$$$0000000B  mc_w.l(entry9a.o)
    0x000000f4   0x000000f4   0x00000000   Code   RO          931    .ARM.Collect$$$$0000000D  mc_w.l(entry10a.o)
    0x000000f4   0x000000f4   0x00000000   Code   RO          933    .ARM.Collect$$$$0000000F  mc_w.l(entry11a.o)
    0x000000f4   0x000000f4   0x00000004   Code   RO          922    .ARM.Collect$$$$00002712  mc_w.l(entry2.o)
    0x000000f8   0x000000f8   0x00000024   Code   RO          850  * .text               startup_lpc407x_8x_177x_8x.o
    0x0000011c   0x0000011c   0x00000024   Code   RO          944    .text               mc_w.l(init.o)
    0x00000140   0x00000140   0x00000060   Code   RO          626    i.ADC_IRQHandler    adc.o
    0x000001a0   0x000001a0   0x000000e0   Code   RO          627    i.ADC_Init          adc.o
    0x00000280   0x00000280   0x00000028   Code   RO          628    i.ADC_Start         adc.o
    0x000002a8   0x000002a8   0x00000040   Code   RO          629    i.ADC_Stop          adc.o
    0x000002e8   0x000002e8   0x00000012   Code   RO          273    i.GPIO_DIR_Write    gpio.o
    0x000002fa   0x000002fa   0x00000002   Code   RO          949    i.__scatterload_null  mc_w.l(handlers.o)
    0x000002fc   0x000002fc   0x00000004   Code   RO          849    .ARM.__at_0x02FC    startup_lpc407x_8x_177x_8x.o
    0x00000300   0x00000300   0x00000018   Code   RO          715    i.ESP8266_ReadData  esp8266.o
    0x00000318   0x00000318   0x00000012   Code   RO          275    i.GPIO_PIN_Write    gpio.o
    0x0000032a   0x0000032a   0x00000002   PAD
    0x0000032c   0x0000032c   0x0000003c   Code   RO          314    i.Joystick_Init     joystick.o
    0x00000368   0x00000368   0x00000014   Code   RO          369    i.LED1_Init         led.o
    0x0000037c   0x0000037c   0x00000014   Code   RO          370    i.LED1_Off          led.o
    0x00000390   0x00000390   0x00000014   Code   RO          372    i.LED2_Init         led.o
    0x000003a4   0x000003a4   0x00000014   Code   RO          373    i.LED2_Off          led.o
    0x000003b8   0x000003b8   0x00000014   Code   RO          375    i.LED3_Init         led.o
    0x000003cc   0x000003cc   0x00000014   Code   RO          376    i.LED3_Off          led.o
    0x000003e0   0x000003e0   0x00000014   Code   RO          378    i.LED4_Init         led.o
    0x000003f4   0x000003f4   0x00000014   Code   RO          379    i.LED4_Off          led.o
    0x00000408   0x00000408   0x00000028   Code   RO          462    i.PLL_Change_Configuration  pll.o
    0x00000430   0x00000430   0x00000024   Code   RO          463    i.PLL_Change_Frequency  pll.o
    0x00000454   0x00000454   0x00000018   Code   RO          464    i.PLL_Change_Source  pll.o
    0x0000046c   0x0000046c   0x00000014   Code   RO          465    i.PLL_Check_State   pll.o
    0x00000480   0x00000480   0x00000018   Code   RO          466    i.PLL_Disable       pll.o
    0x00000498   0x00000498   0x00000018   Code   RO          467    i.PLL_Enable        pll.o
    0x000004b0   0x000004b0   0x00000018   Code   RO          468    i.PLL_Feed          pll.o
    0x000004c8   0x000004c8   0x0000002c   Code   RO          469    i.PLL_Init          pll.o
    0x000004f4   0x000004f4   0x0000003c   Code   RO          470    i.PLL_Start         pll.o
    0x00000530   0x00000530   0x00000140   Code   RO          232    i.PWM_Init          pwm.o
    0x00000670   0x00000670   0x00000070   Code   RO          233    i.PWM_Write         pwm.o
    0x000006e0   0x000006e0   0x000000b4   Code   RO          797    i.Serial_Init       serial.o
    0x00000794   0x00000794   0x0000000c   Code   RO          798    i.Serial_ReadData   serial.o
    0x000007a0   0x000007a0   0x00000014   Code   RO          799    i.Serial_WriteData  serial.o
    0x000007b4   0x000007b4   0x00000008   Code   RO            4    i.SysTick_Handler   main.o
    0x000007bc   0x000007bc   0x00000034   Code   RO          683    i.SysTick_Init      systemticktimer.o
    0x000007f0   0x000007f0   0x000002d4   Code   RO          859    i.SystemCoreClockUpdate  system_lpc407x_8x_177x_8x.o
    0x00000ac4   0x00000ac4   0x000000ec   Code   RO          860    i.SystemInit        system_lpc407x_8x_177x_8x.o
    0x00000bb0   0x00000bb0   0x00000050   Code   RO          558    i.TIMER2_IRQHandler  ultrasonic.o
    0x00000c00   0x00000c00   0x000000bc   Code   RO          559    i.TIMER3_IRQHandler  ultrasonic.o
    0x00000cbc   0x00000cbc   0x00000054   Code   RO          800    i.UART0_IRQHandler  serial.o
    0x00000d10   0x00000d10   0x00000024   Code   RO          722    i.UART3_IRQHandler  esp8266.o
    0x00000d34   0x00000d34   0x0000002c   Code   RO          560    i.Ulrasonic_Start_Trigger  ultrasonic.o
    0x00000d60   0x00000d60   0x00000070   Code   RO          561    i.Ultrasonic_Capture_Timer_Init  ultrasonic.o
    0x00000dd0   0x00000dd0   0x00000094   Code   RO          562    i.Ultrasonic_Trigger_Timer_Init  ultrasonic.o
    0x00000e64   0x00000e64   0x0000001c   Code   RO          563    i.__NVIC_ClearPendingIRQ  ultrasonic.o
    0x00000e80   0x00000e80   0x0000001a   Code   RO          564    i.__NVIC_EnableIRQ  ultrasonic.o
    0x00000e9a   0x00000e9a   0x0000001a   Code   RO          630    i.__NVIC_EnableIRQ  adc.o
    0x00000eb4   0x00000eb4   0x0000000e   Code   RO          948    i.__scatterload_copy  mc_w.l(handlers.o)
    0x00000ec2   0x00000ec2   0x0000000e   Code   RO          950    i.__scatterload_zeroinit  mc_w.l(handlers.o)
    0x00000ed0   0x00000ed0   0x00000050   Code   RO          861    i.fpu_init          system_lpc407x_8x_177x_8x.o
    0x00000f20   0x00000f20   0x000000ac   Code   RO           12    i.init              main.o
    0x00000fcc   0x00000fcc   0x0000000c   Code   RO           14    i.main              main.o
    0x00000fd8   0x00000fd8   0x0000003c   Code   RO           20    i.serialTest        main.o
    0x00001014   0x00001014   0x00000008   Code   RO           24    i.update            main.o
    0x0000101c   0x0000101c   0x00000020   Data   RO          946    Region$$Table       anon$$obj.o


    Execution Region ER_RW (Exec base: 0x10000000, Load base: 0x0000103c, Size: 0x00000040, Max: 0xffffffff, ABSOLUTE)

    Exec Addr    Load Addr    Size         Type   Attr      Idx    E Section Name        Object

    0x10000000   0x0000103c   0x00000018   Data   RW          565    .data               ultrasonic.o
    0x10000018   0x00001054   0x0000000c   Data   RW          631    .data               adc.o
    0x10000024   0x00001060   0x00000003   Data   RW          724    .data               esp8266.o
    0x10000027   0x00001063   0x00000001   PAD
    0x10000028   0x00001064   0x00000006   Data   RW          801    .data               serial.o
    0x1000002e   0x0000106a   0x00000002   PAD
    0x10000030   0x0000106c   0x00000010   Data   RW          862    .data               system_lpc407x_8x_177x_8x.o


    Execution Region ER_ZI (Exec base: 0x10000040, Load base: 0x0000107c, Size: 0x00000600, Max: 0xffffffff, ABSOLUTE)

    Exec Addr    Load Addr    Size         Type   Attr      Idx    E Section Name        Object

    0x10000040        -       0x00000200   Zero   RW          723    .bss                esp8266.o
    0x10000240        -       0x00000400   Zero   RW          846    STACK               startup_lpc407x_8x_177x_8x.o


==============================================================================

Image component sizes


      Code (inc. data)   RO Data    RW Data    ZI Data      Debug   Object Name

       450         42          0         12          0      32607   adc.o
        60         12          0          3        512       1774   esp8266.o
        36          0          0          0          0       2566   gpio.o
        60          6          0          0          0        488   joystick.o
       160         44          0          0          0       3640   led.o
       260         26          0          0          0      29126   main.o
       296         52          0          0          0       4069   pll.o
       432         28          0          0          0       1191   pwm.o
       296         52          0          6          0      32286   serial.o
        40         12        228          0       1024       1104   startup_lpc407x_8x_177x_8x.o
      1040         62          0         16          0       4584   system_lpc407x_8x_177x_8x.o
        52          6          0          0          0      30238   systemticktimer.o
       626         84          0         24          0      34186   ultrasonic.o

    ----------------------------------------------------------------------
      3810        426        260         64       1536     177859   Object Totals
         0          0         32          0          0          0   (incl. Generated)
         2          0          0          3          0          0   (incl. Padding)

    ----------------------------------------------------------------------

      Code (inc. data)   RO Data    RW Data    ZI Data      Debug   Library Member Name

         0          0          0          0          0          0   entry.o
         0          0          0          0          0          0   entry10a.o
         0          0          0          0          0          0   entry11a.o
         8          4          0          0          0          0   entry2.o
         4          0          0          0          0          0   entry5.o
         0          0          0          0          0          0   entry7b.o
         0          0          0          0          0          0   entry8b.o
         8          4          0          0          0          0   entry9a.o
        30          0          0          0          0          0   handlers.o
        36          8          0          0          0         68   init.o

    ----------------------------------------------------------------------
        86         16          0          0          0         68   Library Totals
         0          0          0          0          0          0   (incl. Padding)

    ----------------------------------------------------------------------

      Code (inc. data)   RO Data    RW Data    ZI Data      Debug   Library Name

        86         16          0          0          0         68   mc_w.l

    ----------------------------------------------------------------------
        86         16          0          0          0         68   Library Totals

    ----------------------------------------------------------------------

==============================================================================


      Code (inc. data)   RO Data    RW Data    ZI Data      Debug   

      3896        442        260         64       1536     173731   Grand Totals
      3896        442        260         64       1536     173731   ELF Image Totals
      3896        442        260         64          0          0   ROM Totals

==============================================================================

    Total RO  Size (Code + RO Data)                 4156 (   4.06kB)
    Total RW  Size (RW Data + ZI Data)              1600 (   1.56kB)
    Total ROM Size (Code + RO Data + RW Data)       4220 (   4.12kB)

==============================================================================

